API Key found (length): 39
Testing models...

Testing gemini-1.5-flash...
FAILED: gemini-1.5-flash - Error: [GoogleGenerativeAI Error]: Error fetching from https://generativelanguage.googleapis.com/v1beta/models/gemini-1.5-flash:generateContent: [404 Not Found] models/gemini-1.5-flash is not found for API version v1beta, or is not supported for generateContent. Call ListModels to see the list of available models and their supported methods.
Stack: Error: [GoogleGenerativeAI Error]: Error fetching from https://generativelanguage.googleapis.com/v1beta/models/gemini-1.5-flash:generateContent: [404 Not Found] models/gemini-1.5-flash is not found for API version v1beta, or is not supported for generateContent. Call ListModels to see the list of available models and their supported methods.
    at handleResponseNotOk (E:\SERJITO\dev\Sefatek\TecFlow\node_modules\@google\generative-ai\dist\index.js:434:11)
    at process.processTicksAndRejections (node:internal/process/task_queues:105:5)
    at async makeRequest (E:\SERJITO\dev\Sefatek\TecFlow\node_modules\@google\generative-ai\dist\index.js:403:9)
    at async generateContent (E:\SERJITO\dev\Sefatek\TecFlow\node_modules\@google\generative-ai\dist\index.js:867:22)
    at async list (E:\SERJITO\dev\Sefatek\TecFlow\test-gemini.js:32:40)

Testing gemini-1.5-flash-latest...
FAILED: gemini-1.5-flash-latest - Error: [GoogleGenerativeAI Error]: Error fetching from https://generativelanguage.googleapis.com/v1beta/models/gemini-1.5-flash-latest:generateContent: [404 Not Found] models/gemini-1.5-flash-latest is not found for API version v1beta, or is not supported for generateContent. Call ListModels to see the list of available models and their supported methods.
Stack: Error: [GoogleGenerativeAI Error]: Error fetching from https://generativelanguage.googleapis.com/v1beta/models/gemini-1.5-flash-latest:generateContent: [404 Not Found] models/gemini-1.5-flash-latest is not found for API version v1beta, or is not supported for generateContent. Call ListModels to see the list of available models and their supported methods.
    at handleResponseNotOk (E:\SERJITO\dev\Sefatek\TecFlow\node_modules\@google\generative-ai\dist\index.js:434:11)
    at process.processTicksAndRejections (node:internal/process/task_queues:105:5)
    at async makeRequest (E:\SERJITO\dev\Sefatek\TecFlow\node_modules\@google\generative-ai\dist\index.js:403:9)
    at async generateContent (E:\SERJITO\dev\Sefatek\TecFlow\node_modules\@google\generative-ai\dist\index.js:867:22)
    at async list (E:\SERJITO\dev\Sefatek\TecFlow\test-gemini.js:32:40)

Testing gemini-1.5-flash-001...
FAILED: gemini-1.5-flash-001 - Error: [GoogleGenerativeAI Error]: Error fetching from https://generativelanguage.googleapis.com/v1beta/models/gemini-1.5-flash-001:generateContent: [404 Not Found] models/gemini-1.5-flash-001 is not found for API version v1beta, or is not supported for generateContent. Call ListModels to see the list of available models and their supported methods.
Stack: Error: [GoogleGenerativeAI Error]: Error fetching from https://generativelanguage.googleapis.com/v1beta/models/gemini-1.5-flash-001:generateContent: [404 Not Found] models/gemini-1.5-flash-001 is not found for API version v1beta, or is not supported for generateContent. Call ListModels to see the list of available models and their supported methods.
    at handleResponseNotOk (E:\SERJITO\dev\Sefatek\TecFlow\node_modules\@google\generative-ai\dist\index.js:434:11)
    at process.processTicksAndRejections (node:internal/process/task_queues:105:5)
    at async makeRequest (E:\SERJITO\dev\Sefatek\TecFlow\node_modules\@google\generative-ai\dist\index.js:403:9)
    at async generateContent (E:\SERJITO\dev\Sefatek\TecFlow\node_modules\@google\generative-ai\dist\index.js:867:22)
    at async list (E:\SERJITO\dev\Sefatek\TecFlow\test-gemini.js:32:40)

Testing gemini-1.5-pro...
FAILED: gemini-1.5-pro - Error: [GoogleGenerativeAI Error]: Error fetching from https://generativelanguage.googleapis.com/v1beta/models/gemini-1.5-pro:generateContent: [404 Not Found] models/gemini-1.5-pro is not found for API version v1beta, or is not supported for generateContent. Call ListModels to see the list of available models and their supported methods.
Stack: Error: [GoogleGenerativeAI Error]: Error fetching from https://generativelanguage.googleapis.com/v1beta/models/gemini-1.5-pro:generateContent: [404 Not Found] models/gemini-1.5-pro is not found for API version v1beta, or is not supported for generateContent. Call ListModels to see the list of available models and their supported methods.
    at handleResponseNotOk (E:\SERJITO\dev\Sefatek\TecFlow\node_modules\@google\generative-ai\dist\index.js:434:11)
    at process.processTicksAndRejections (node:internal/process/task_queues:105:5)
    at async makeRequest (E:\SERJITO\dev\Sefatek\TecFlow\node_modules\@google\generative-ai\dist\index.js:403:9)
    at async generateContent (E:\SERJITO\dev\Sefatek\TecFlow\node_modules\@google\generative-ai\dist\index.js:867:22)
    at async list (E:\SERJITO\dev\Sefatek\TecFlow\test-gemini.js:32:40)

Testing gemini-pro...
FAILED: gemini-pro - Error: [GoogleGenerativeAI Error]: Error fetching from https://generativelanguage.googleapis.com/v1beta/models/gemini-pro:generateContent: [404 Not Found] models/gemini-pro is not found for API version v1beta, or is not supported for generateContent. Call ListModels to see the list of available models and their supported methods.
Stack: Error: [GoogleGenerativeAI Error]: Error fetching from https://generativelanguage.googleapis.com/v1beta/models/gemini-pro:generateContent: [404 Not Found] models/gemini-pro is not found for API version v1beta, or is not supported for generateContent. Call ListModels to see the list of available models and their supported methods.
    at handleResponseNotOk (E:\SERJITO\dev\Sefatek\TecFlow\node_modules\@google\generative-ai\dist\index.js:434:11)
    at process.processTicksAndRejections (node:internal/process/task_queues:105:5)
    at async makeRequest (E:\SERJITO\dev\Sefatek\TecFlow\node_modules\@google\generative-ai\dist\index.js:403:9)
    at async generateContent (E:\SERJITO\dev\Sefatek\TecFlow\node_modules\@google\generative-ai\dist\index.js:867:22)
    at async list (E:\SERJITO\dev\Sefatek\TecFlow\test-gemini.js:32:40)
